// Jest Snapshot v1, https://goo.gl/fbAQLP

exports[`renders correctly with defaults 1`] = `
<View
  accessible={true}
  collapsable={false}
  focusable={false}
  nativeID="animatedComponent"
  onClick={[Function]}
  onResponderGrant={[Function]}
  onResponderMove={[Function]}
  onResponderRelease={[Function]}
  onResponderTerminate={[Function]}
  onResponderTerminationRequest={[Function]}
  onStartShouldSetResponder={[Function]}
  style={
    Object {
      "alignItems": "center",
      "backgroundColor": "white",
      "borderRadius": 10,
      "display": "flex",
      "justifyContent": "center",
      "margin": 20,
      "opacity": 1,
      "padding": 20,
      "width": "100%",
    }
  }
>
  <Text
    style={
      Object {
        "fontSize": 24,
        "fontWeight": "bold",
      }
    }
  >
    Test Title
  </Text>
  <Text
    style={
      Object {
        "fontSize": 14,
      }
    }
  />
  <Text>
    Author: 
    Test Author
  </Text>
  <Text>
    Likes: 
    5
     
  </Text>
</View>
`;
